[template.hasthemes.com/uniqlo/uniqlo/blog.html]
[backblue.gif]
[fade.gif]
[index.html]
[template.hasthemes.com/uniqlo/uniqlo/images/favicon.ico]
[template.hasthemes.com/uniqlo/uniqlo/apple-touch-icon.png]
[template.hasthemes.com/uniqlo/uniqlo/css/shortcode/shortcodes.css]
[template.hasthemes.com/uniqlo/uniqlo/css/bootstrap.min.css]
[template.hasthemes.com/uniqlo/uniqlo/css/plugins.css]
[template.hasthemes.com/uniqlo/uniqlo/style.css]
[template.hasthemes.com/uniqlo/uniqlo/css/responsive.css]
[template.hasthemes.com/uniqlo/uniqlo/css/custom.css]
[template.hasthemes.com/uniqlo/uniqlo/js/vendor/modernizr-3.11.2.min.js]
[template.hasthemes.com/uniqlo/uniqlo/index.html]
[template.hasthemes.com/uniqlo/uniqlo/images/logo/uniqlo.png]
[template.hasthemes.com/uniqlo/uniqlo/index-2.html]
[template.hasthemes.com/uniqlo/uniqlo/index-3.html]
[template.hasthemes.com/uniqlo/uniqlo/index-4.html]
[template.hasthemes.com/uniqlo/uniqlo/index-5.html]
[template.hasthemes.com/uniqlo/uniqlo/index-6.html]
[template.hasthemes.com/uniqlo/uniqlo/index-7.html]
[template.hasthemes.com/uniqlo/uniqlo/index-8.html]
[template.hasthemes.com/uniqlo/uniqlo/index-9.html]
[template.hasthemes.com/uniqlo/uniqlo/index-10.html]
[template.hasthemes.com/uniqlo/uniqlo/about.html]
[template.hasthemes.com/uniqlo/uniqlo/blog-details.html]
[template.hasthemes.com/uniqlo/uniqlo/shop.html]
[template.hasthemes.com/uniqlo/uniqlo/shop-sidebar.html]
[template.hasthemes.com/uniqlo/uniqlo/cart.html]
[template.hasthemes.com/uniqlo/uniqlo/checkout.html]
[template.hasthemes.com/uniqlo/uniqlo/wishlist.html]
[template.hasthemes.com/uniqlo/uniqlo/product-details.html]
[template.hasthemes.com/uniqlo/uniqlo/team.html]
[template.hasthemes.com/uniqlo/uniqlo/login-register.html]
[template.hasthemes.com/uniqlo/uniqlo/contact.html]
[template.hasthemes.com/uniqlo/uniqlo/images/sidebar-img/1.jpg]
[template.hasthemes.com/uniqlo/uniqlo/images/sidebar-img/2.jpg]
[template.hasthemes.com/uniqlo/uniqlo/images/sidebar-img/3.jpg]
[template.hasthemes.com/uniqlo/uniqlo/images/sidebar-img/4.jpg]
[template.hasthemes.com/uniqlo/uniqlo/images/sidebar-img/5.jpg]
[template.hasthemes.com/uniqlo/uniqlo/images/sidebar-img/6.jpg]
[template.hasthemes.com/uniqlo/uniqlo/images/sidebar-img/7.jpg]
[template.hasthemes.com/uniqlo/uniqlo/images/sidebar-img/8.jpg]
[template.hasthemes.com/uniqlo/uniqlo/images/product/sm-img/1.jpg]
[template.hasthemes.com/uniqlo/uniqlo/images/product/sm-img/2.jpg]
[template.hasthemes.com/uniqlo/uniqlo/images/bg/2.jpg]
[template.hasthemes.com/uniqlo/uniqlo/images/blog/blog-img/1.jpg]
[template.hasthemes.com/uniqlo/uniqlo/images/blog/blog-img/2.jpg]
[template.hasthemes.com/uniqlo/uniqlo/images/blog/blog-img/3.jpg]
[template.hasthemes.com/uniqlo/uniqlo/images/bg/1.jpg]
[template.hasthemes.com/uniqlo/uniqlo/js/vendor/jquery-migrate-3.3.2.min.js]
[template.hasthemes.com/uniqlo/uniqlo/js/vendor/jquery.waypoints.js]
[template.hasthemes.com/uniqlo/uniqlo/js/vendor/jquery-3.6.0.min.js]
[template.hasthemes.com/uniqlo/uniqlo/js/bootstrap.bundle.min.js]
[template.hasthemes.com/uniqlo/uniqlo/blog.html]
[template.hasthemes.com/uniqlo/uniqlo/apple-touch-icon.html]
[template.hasthemes.com/uniqlo/uniqlo/css/bootstrap.min.css]
[template.hasthemes.com/uniqlo/uniqlo/js/main.js]
[template.hasthemes.com/uniqlo/uniqlo/js/plugins.js]
[template.hasthemes.com/uniqlo/uniqlo/fonts/themify9f24.eot]
[template.hasthemes.com/uniqlo/uniqlo/fonts/themify9f24.woff]
[template.hasthemes.com/uniqlo/uniqlo/fonts/themifyd41d.eot]
[template.hasthemes.com/uniqlo/uniqlo/fonts/themify9f24.ttf]
[template.hasthemes.com/uniqlo/uniqlo/fonts/Material-Design-Iconic-Fontd1f1.woff2]
[template.hasthemes.com/uniqlo/uniqlo/fonts/themify9f24.svg]
[template.hasthemes.com/uniqlo/uniqlo/fonts/Material-Design-Iconic-Fontd1f1.woff]
[template.hasthemes.com/uniqlo/uniqlo/fonts/Material-Design-Iconic-Fontd1f1.ttf]
[template.hasthemes.com/uniqlo/uniqlo/css/owl.video.play.png]
[template.hasthemes.com/uniqlo/uniqlo/css/ajax-loader.gif]
[template.hasthemes.com/uniqlo/uniqlo/css/fonts/slick.eot]
[template.hasthemes.com/uniqlo/uniqlo/css/fonts/slickd41d.eot]
[template.hasthemes.com/uniqlo/uniqlo/css/fonts/slick.woff]
[template.hasthemes.com/uniqlo/uniqlo/css/fonts/slick.ttf]
[template.hasthemes.com/uniqlo/uniqlo/css/fonts/slick.svg]
[template.hasthemes.com/uniqlo/uniqlo/css/images/ui-bg_inset-hard_100_fcfdfd_1x100.png]
[template.hasthemes.com/uniqlo/uniqlo/css/images/ui-bg_gloss-wave_55_5c9ccc_500x100.png]
[template.hasthemes.com/uniqlo/uniqlo/css/images/ui-bg_glass_85_dfeffc_1x400.png]
[template.hasthemes.com/uniqlo/uniqlo/css/images/ui-bg_glass_75_d0e5f5_1x400.png]
[template.hasthemes.com/uniqlo/uniqlo/css/images/ui-bg_inset-hard_100_f5f8f9_1x100.png]
[template.hasthemes.com/uniqlo/uniqlo/css/images/ui-bg_glass_95_fef1ec_1x400.png]
[template.hasthemes.com/uniqlo/uniqlo/css/images/ui-icons_469bdd_256x240.png]
[template.hasthemes.com/uniqlo/uniqlo/css/images/ui-icons_d8e7f3_256x240.png]
[template.hasthemes.com/uniqlo/uniqlo/css/images/ui-icons_6da8d5_256x240.png]
[template.hasthemes.com/uniqlo/uniqlo/css/images/ui-icons_217bc0_256x240.png]
[template.hasthemes.com/uniqlo/uniqlo/css/images/ui-icons_f9bd01_256x240.png]
[template.hasthemes.com/uniqlo/uniqlo/css/images/ui-icons_2e83ff_256x240.png]
[template.hasthemes.com/uniqlo/uniqlo/css/images/ui-icons_cd0a0a_256x240.png]
[template.hasthemes.com/uniqlo/uniqlo/css/plugins.css]
[template.hasthemes.com/uniqlo/uniqlo/css/shortcode/default.css]
[template.hasthemes.com/uniqlo/uniqlo/css/shortcode/header.css]
[template.hasthemes.com/uniqlo/uniqlo/css/shortcode/slider.css]
[template.hasthemes.com/uniqlo/uniqlo/css/shortcode/shortcodes.css]
[template.hasthemes.com/uniqlo/uniqlo/css/shortcode/footer.css]
[template.hasthemes.com/uniqlo/uniqlo/images/icons/send-2.png]
[template.hasthemes.com/uniqlo/uniqlo/images/icons/select-option.png]
[template.hasthemes.com/uniqlo/uniqlo/style.css]
[template.hasthemes.com/uniqlo/images/slider/bg/1.png]
[template.hasthemes.com/uniqlo/uniqlo/css/responsive.css]
[template.hasthemes.com/uniqlo/uniqlo/css/custom.css]
[template.hasthemes.com/uniqlo/uniqlo/images/slider/bg/1.png]
[template.hasthemes.com/uniqlo/uniqlo/images/slider/bg/2.png]
[template.hasthemes.com/uniqlo/uniqlo/images/product/1.png]
[template.hasthemes.com/uniqlo/uniqlo/images/product/2.png]
[template.hasthemes.com/uniqlo/uniqlo/images/product/3.png]
[template.hasthemes.com/uniqlo/uniqlo/images/product/4.png]
[template.hasthemes.com/uniqlo/uniqlo/images/product/5.png]
[template.hasthemes.com/uniqlo/uniqlo/images/product/6.png]
[template.hasthemes.com/uniqlo/uniqlo/images/product/7.png]
[template.hasthemes.com/uniqlo/uniqlo/images/product/8.png]
[template.hasthemes.com/uniqlo/uniqlo/images/product/9.png]
[template.hasthemes.com/uniqlo/uniqlo/images/product/10.png]
[template.hasthemes.com/uniqlo/uniqlo/images/product/11.png]
[template.hasthemes.com/uniqlo/uniqlo/images/product/12.png]
[template.hasthemes.com/uniqlo/uniqlo/images/product/13.png]
[template.hasthemes.com/uniqlo/uniqlo/images/product/14.png]
[template.hasthemes.com/uniqlo/uniqlo/images/product/15.png]
[template.hasthemes.com/uniqlo/uniqlo/images/product/16.png]
[template.hasthemes.com/uniqlo/uniqlo/images/product/big-img/1.jpg]
[template.hasthemes.com/uniqlo/uniqlo/index.html]
[template.hasthemes.com/uniqlo/uniqlo/images/logo/2.png]
[template.hasthemes.com/uniqlo/uniqlo/images/slider/bg/2.jpg]
[template.hasthemes.com/uniqlo/uniqlo/images/new-product/1.jpg]
[template.hasthemes.com/uniqlo/uniqlo/images/new-product/2.jpg]
[template.hasthemes.com/uniqlo/uniqlo/index-2.html]
[template.hasthemes.com/uniqlo/uniqlo/images/feature-img/1.jpg]
[template.hasthemes.com/uniqlo/uniqlo/images/feature-img/2.jpg]
[template.hasthemes.com/uniqlo/uniqlo/images/feature-img/3.jpg]
[template.hasthemes.com/uniqlo/uniqlo/images/feature-img/4.jpg]
[template.hasthemes.com/uniqlo/uniqlo/images/popular-pro/1.jpg]
[template.hasthemes.com/uniqlo/uniqlo/images/popular-pro/2.jpg]
[template.hasthemes.com/uniqlo/uniqlo/images/popular-pro/3.jpg]
[template.hasthemes.com/uniqlo/uniqlo/index-3.html]
[template.hasthemes.com/uniqlo/uniqlo/images/slider/bg/3.jpg]
[template.hasthemes.com/uniqlo/uniqlo/images/popular-pro-2/1.jpg]
[template.hasthemes.com/uniqlo/uniqlo/images/popular-pro-2/2.jpg]
[template.hasthemes.com/uniqlo/uniqlo/images/popular-pro-2/3.jpg]
[template.hasthemes.com/uniqlo/uniqlo/images/popular-pro-2/4.jpg]
[template.hasthemes.com/uniqlo/uniqlo/images/popular-pro-2/6.jpg]
[template.hasthemes.com/uniqlo/uniqlo/images/popular-pro-2/7.jpg]
[template.hasthemes.com/uniqlo/uniqlo/images/popular-pro-2/8.jpg]
[template.hasthemes.com/uniqlo/uniqlo/images/popular-pro-2/9.jpg]
[template.hasthemes.com/uniqlo/uniqlo/images/popular-pro-2/10.jpg]
[template.hasthemes.com/uniqlo/uniqlo/images/popular-pro-2/5.jpg]
[template.hasthemes.com/uniqlo/uniqlo/index-4.html]
[template.hasthemes.com/uniqlo/uniqlo/images/slider/bg/4.jpg]
[template.hasthemes.com/uniqlo/uniqlo/images/portfolio/width-variation/1.jpg]
[template.hasthemes.com/uniqlo/uniqlo/images/portfolio/width-variation/2.jpg]
[template.hasthemes.com/uniqlo/uniqlo/images/portfolio/width-variation/3.jpg]
[template.hasthemes.com/uniqlo/uniqlo/images/portfolio/width-variation/4.jpg]
[template.hasthemes.com/uniqlo/uniqlo/images/portfolio/width-variation/5.jpg]
[template.hasthemes.com/uniqlo/uniqlo/images/portfolio/width-variation/6.jpg]
[template.hasthemes.com/uniqlo/uniqlo/images/portfolio/width-variation/7.jpg]
[template.hasthemes.com/uniqlo/uniqlo/images/portfolio/width-variation/8.jpg]
[template.hasthemes.com/uniqlo/uniqlo/images/portfolio/width-variation/9.jpg]
[template.hasthemes.com/uniqlo/uniqlo/images/portfolio/width-variation/10.jpg]
[template.hasthemes.com/uniqlo/uniqlo/images/portfolio/width-variation/11.jpg]
[template.hasthemes.com/uniqlo/uniqlo/images/portfolio/width-variation/12.jpg]
[template.hasthemes.com/uniqlo/uniqlo/index-5.html]
[template.hasthemes.com/uniqlo/uniqlo/images/portfolio/width-variation-2/1.jpg]
[template.hasthemes.com/uniqlo/uniqlo/images/portfolio/width-variation-2/2.jpg]
[template.hasthemes.com/uniqlo/uniqlo/images/portfolio/width-variation-2/3.jpg]
[template.hasthemes.com/uniqlo/uniqlo/images/portfolio/width-variation-2/4.jpg]
[template.hasthemes.com/uniqlo/uniqlo/images/portfolio/width-variation-2/9.jpg]
[template.hasthemes.com/uniqlo/uniqlo/images/portfolio/width-variation-2/5.jpg]
[template.hasthemes.com/uniqlo/uniqlo/images/portfolio/width-variation-2/6.jpg]
[template.hasthemes.com/uniqlo/uniqlo/images/portfolio/width-variation-2/7.jpg]
[template.hasthemes.com/uniqlo/uniqlo/images/portfolio/width-variation-2/8.jpg]
[template.hasthemes.com/uniqlo/uniqlo/images/bg/3.jpg]
[template.hasthemes.com/uniqlo/uniqlo/index-6.html]
[template.hasthemes.com/uniqlo/uniqlo/images/logo/uniqlo-large.png]
[template.hasthemes.com/uniqlo/uniqlo/images/slider/fornt-img/man-style.png]
[template.hasthemes.com/uniqlo/uniqlo/images/product-3/1.png]
[template.hasthemes.com/uniqlo/uniqlo/images/product-3/2.png]
[template.hasthemes.com/uniqlo/uniqlo/images/product-3/3.png]
[template.hasthemes.com/uniqlo/uniqlo/images/product-3/4.png]
[template.hasthemes.com/uniqlo/uniqlo/images/product-3/5.png]
[template.hasthemes.com/uniqlo/uniqlo/images/product-3/6.png]
[template.hasthemes.com/uniqlo/uniqlo/images/product-3/7.png]
[template.hasthemes.com/uniqlo/uniqlo/images/blog/blog-img/4.jpg]
[template.hasthemes.com/uniqlo/uniqlo/images/blog/blog-img/5.jpg]
[template.hasthemes.com/uniqlo/uniqlo/images/blog/blog-img/6.jpg]
[template.hasthemes.com/uniqlo/uniqlo/index-7.html]
[template.hasthemes.com/uniqlo/uniqlo/images/slider/bg/5.jpg]
[template.hasthemes.com/uniqlo/uniqlo/images/new-product/3.jpg]
[template.hasthemes.com/uniqlo/uniqlo/images/new-product/4.jpg]
[template.hasthemes.com/uniqlo/uniqlo/images/product/17.png]
[template.hasthemes.com/uniqlo/uniqlo/images/product/18.png]
[template.hasthemes.com/uniqlo/uniqlo/images/product/19.png]
[template.hasthemes.com/uniqlo/uniqlo/images/product/20.png]
[template.hasthemes.com/uniqlo/uniqlo/images/product/21.png]
[template.hasthemes.com/uniqlo/uniqlo/images/product/22.png]
[template.hasthemes.com/uniqlo/uniqlo/images/product/23.png]
[template.hasthemes.com/uniqlo/uniqlo/images/product/24.png]
[template.hasthemes.com/uniqlo/uniqlo/images/product/25.png]
[template.hasthemes.com/uniqlo/uniqlo/images/product/26.png]
[template.hasthemes.com/uniqlo/uniqlo/images/product/27.png]
[template.hasthemes.com/uniqlo/uniqlo/images/product/28.png]
[template.hasthemes.com/uniqlo/uniqlo/images/product/29.png]
[template.hasthemes.com/uniqlo/uniqlo/images/product/30.png]
[template.hasthemes.com/uniqlo/uniqlo/images/product/31.png]
[template.hasthemes.com/uniqlo/uniqlo/images/product/32.png]
[template.hasthemes.com/uniqlo/uniqlo/index-8.html]
[template.hasthemes.com/uniqlo/uniqlo/images/slider/bg/6.jpg]
[template.hasthemes.com/uniqlo/uniqlo/images/new-product/7.jpg]
[template.hasthemes.com/uniqlo/uniqlo/images/new-product/6.jpg]
[template.hasthemes.com/uniqlo/uniqlo/images/popular-pro-2/11.jpg]
[template.hasthemes.com/uniqlo/uniqlo/images/popular-pro-2/12.jpg]
[template.hasthemes.com/uniqlo/uniqlo/images/popular-pro-2/13.jpg]
[template.hasthemes.com/uniqlo/uniqlo/images/popular-pro-2/14.jpg]
[template.hasthemes.com/uniqlo/uniqlo/images/popular-pro-2/15.jpg]
[template.hasthemes.com/uniqlo/uniqlo/images/popular-pro-2/16.jpg]
[template.hasthemes.com/uniqlo/uniqlo/images/popular-pro-2/17.jpg]
[template.hasthemes.com/uniqlo/uniqlo/images/popular-pro-2/18.jpg]
[template.hasthemes.com/uniqlo/uniqlo/images/popular-pro-2/19.jpg]
[template.hasthemes.com/uniqlo/uniqlo/images/popular-pro-2/20.jpg]
[template.hasthemes.com/uniqlo/uniqlo/index-9.html]
[template.hasthemes.com/uniqlo/uniqlo/images/slider/bg/7.jpg]
[template.hasthemes.com/uniqlo/uniqlo/images/new-product/8.jpg]
[template.hasthemes.com/uniqlo/uniqlo/images/new-product/9.jpg]
[template.hasthemes.com/uniqlo/uniqlo/images/product/33.png]
[template.hasthemes.com/uniqlo/uniqlo/images/product/34.png]
[template.hasthemes.com/uniqlo/uniqlo/images/product/35.png]
[template.hasthemes.com/uniqlo/uniqlo/images/product/36.png]
[template.hasthemes.com/uniqlo/uniqlo/images/product/37.png]
[template.hasthemes.com/uniqlo/uniqlo/images/product/38.png]
[template.hasthemes.com/uniqlo/uniqlo/images/product/39.png]
[template.hasthemes.com/uniqlo/uniqlo/images/product/40.png]
[template.hasthemes.com/uniqlo/uniqlo/images/product/41.png]
[template.hasthemes.com/uniqlo/uniqlo/images/product/42.png]
[template.hasthemes.com/uniqlo/uniqlo/images/product/43.png]
[template.hasthemes.com/uniqlo/uniqlo/index-10.html]
[template.hasthemes.com/uniqlo/uniqlo/images/team/1.jpg]
[template.hasthemes.com/uniqlo/uniqlo/images/team/2.jpg]
[template.hasthemes.com/uniqlo/uniqlo/images/team/4.jpg]
[template.hasthemes.com/uniqlo/uniqlo/images/bg/4.jpg]
[template.hasthemes.com/uniqlo/uniqlo/images/test/client/1.png]
[template.hasthemes.com/uniqlo/uniqlo/images/test/client/2.png]
[template.hasthemes.com/uniqlo/uniqlo/images/test/client/3.png]
[template.hasthemes.com/uniqlo/uniqlo/images/brand/1.png]
[template.hasthemes.com/uniqlo/uniqlo/images/brand/2.png]
[template.hasthemes.com/uniqlo/uniqlo/images/brand/3.png]
[template.hasthemes.com/uniqlo/uniqlo/images/brand/4.png]
[template.hasthemes.com/uniqlo/uniqlo/images/brand/5.png]
[template.hasthemes.com/uniqlo/uniqlo/about.html]
[template.hasthemes.com/uniqlo/uniqlo/images/blog/big-images/1.jpg]
[template.hasthemes.com/uniqlo/uniqlo/images/comment/1.jpg]
[template.hasthemes.com/uniqlo/uniqlo/images/comment/2.jpg]
[template.hasthemes.com/uniqlo/uniqlo/images/comment/3.jpg]
[template.hasthemes.com/uniqlo/uniqlo/images/blog/sm-img/1.jpg]
[template.hasthemes.com/uniqlo/uniqlo/images/blog/sm-img/2.jpg]
[template.hasthemes.com/uniqlo/uniqlo/images/blog/sm-img/3.jpg]
[template.hasthemes.com/uniqlo/uniqlo/blog-details.html]
[template.hasthemes.com/uniqlo/uniqlo/shop.html]
[template.hasthemes.com/uniqlo/uniqlo/shop-sidebar.html]
[template.hasthemes.com/uniqlo/uniqlo/cart.html]
[template.hasthemes.com/uniqlo/uniqlo/images/payment/1.jpg]
[template.hasthemes.com/uniqlo/uniqlo/images/payment/2.jpg]
[template.hasthemes.com/uniqlo/uniqlo/images/payment/3.jpg]
[template.hasthemes.com/uniqlo/uniqlo/images/payment/4.jpg]
[template.hasthemes.com/uniqlo/uniqlo/images/payment/5.jpg]
[template.hasthemes.com/uniqlo/uniqlo/checkout.html]
[template.hasthemes.com/uniqlo/uniqlo/wishlist.html]
[template.hasthemes.com/uniqlo/uniqlo/images/product-details/small-img/1.jpg]
[template.hasthemes.com/uniqlo/uniqlo/images/product-details/small-img/2.jpg]
[template.hasthemes.com/uniqlo/uniqlo/images/product-details/small-img/3.jpg]
[template.hasthemes.com/uniqlo/uniqlo/images/product-details/small-img/4.jpg]
[template.hasthemes.com/uniqlo/uniqlo/images/product-details/big-img/1.jpg]
[template.hasthemes.com/uniqlo/uniqlo/images/review/1.jpg]
[template.hasthemes.com/uniqlo/uniqlo/images/review/2.jpg]
[template.hasthemes.com/uniqlo/uniqlo/product-details.html]
[template.hasthemes.com/uniqlo/uniqlo/team.html]
[template.hasthemes.com/uniqlo/uniqlo/images/bg/5.jpg]
[template.hasthemes.com/uniqlo/uniqlo/login-register.html]
[template.hasthemes.com/uniqlo/uniqlo/contact.html]
[template.hasthemes.com/uniqlo/uniqlo/fonts/themify9f24.svg]
[template.hasthemes.com/uniqlo/uniqlo/css/owl.video.play.html]
[template.hasthemes.com/uniqlo/uniqlo/css/ajax-loader.html]
[template.hasthemes.com/uniqlo/uniqlo/css/fonts/slick.html]
[template.hasthemes.com/uniqlo/uniqlo/css/fonts/slickd41d.html]
[template.hasthemes.com/uniqlo/uniqlo/css/fonts/slick-2.html]
[template.hasthemes.com/uniqlo/uniqlo/css/fonts/slick-3.html]
[template.hasthemes.com/uniqlo/uniqlo/css/fonts/slick-4.html]
[template.hasthemes.com/uniqlo/uniqlo/css/images/ui-bg_inset-hard_100_fcfdfd_1x100.html]
[template.hasthemes.com/uniqlo/uniqlo/css/images/ui-bg_gloss-wave_55_5c9ccc_500x100.html]
[template.hasthemes.com/uniqlo/uniqlo/css/images/ui-bg_glass_85_dfeffc_1x400.html]
[template.hasthemes.com/uniqlo/uniqlo/css/images/ui-bg_glass_75_d0e5f5_1x400.html]
[template.hasthemes.com/uniqlo/uniqlo/css/images/ui-bg_inset-hard_100_f5f8f9_1x100.html]
[template.hasthemes.com/uniqlo/uniqlo/css/images/ui-bg_glass_95_fef1ec_1x400.html]
[template.hasthemes.com/uniqlo/uniqlo/css/images/ui-icons_469bdd_256x240.html]
[template.hasthemes.com/uniqlo/uniqlo/css/images/ui-icons_d8e7f3_256x240.html]
[template.hasthemes.com/uniqlo/uniqlo/css/images/ui-icons_6da8d5_256x240.html]
[template.hasthemes.com/uniqlo/uniqlo/css/images/ui-icons_217bc0_256x240.html]
[template.hasthemes.com/uniqlo/uniqlo/css/images/ui-icons_f9bd01_256x240.html]
[template.hasthemes.com/uniqlo/uniqlo/css/images/ui-icons_2e83ff_256x240.html]
[template.hasthemes.com/uniqlo/uniqlo/css/images/ui-icons_cd0a0a_256x240.html]
[template.hasthemes.com/uniqlo/uniqlo/images/others/1.jpg]
[template.hasthemes.com/uniqlo/uniqlo/images/bg/6.jpg]
[template.hasthemes.com/uniqlo/uniqlo/css/shortcode/default.css]
[template.hasthemes.com/uniqlo/uniqlo/images/icons/close-20.png]
[template.hasthemes.com/uniqlo/uniqlo/css/shortcode/header.css]
[template.hasthemes.com/uniqlo/uniqlo/css/shortcode/slider.css]
[template.hasthemes.com/uniqlo/uniqlo/images/icons/send.png]
[template.hasthemes.com/uniqlo/uniqlo/css/shortcode/footer.css]
[template.hasthemes.com/uniqlo/images/slider/bg/1.html]
